// Jest Snapshot v1, https://goo.gl/fbAQLP

exports[`validate options should throw an error on the "empty theme" option with "{"themes":[]}" value 1`] = `
"Invalid configuration object. Object has been initialized using a configuration object that does not match the API schema.
 - configuration.themes should be an non-empty array."
`;

exports[`validate options should throw an error on the "error pre-processor" option with "{"themes":[{"name":"xxx","entryPath":"testPath"}],"pre-processor":"lessx"}" value 1`] = `
"Invalid configuration object. Object has been initialized using a configuration object that does not match the API schema.
 - configuration['pre-processor'] should be one of these:
   \\"less\\" | \\"sass\\""
`;

exports[`validate options should throw an error on the "no theme" option with "{}" value 1`] = `
"Invalid configuration object. Object has been initialized using a configuration object that does not match the API schema.
 - configuration misses the property 'themes'. Should be:
   [object { entryPath, name?, distFilename? }, ...] (should not have fewer than 1 item)"
`;
